{"feed":"hft","mode":"ltpc","token":757614,"ltp_paise":15050,"vwap_paise":15040,"volume":100000,"atv":1000,"btv":2000,"ts_ms":1752540000,"bid_px":[0,0,0,0,0],"ask_px":[0,0,0,0,0],"bid_qty":[0,0,0,0,0],"ask_qty":[0,0,0,0,0],"bid_orders":[0,0,0,0,0],"ask_orders":[0,0,0,0,0],"record_type":"tick","contract_version":2,"connection_id":"ingestion-local/hft-0","connection_epoch":1,"slot_id":"hft-0","feed_sequence_local":2,"received_ts_ms":1784000700000,"raw_payload":"KAABAG6PCwDKOgAAwDoAAKCGAQAAAAAAAJgnBO05BgDoAwAA0AcAAA==","payload_hash":"ef2f3ac5a89a56357270ca6de60ac2c27e755e0e5382e0064fff10446582a6c7"}
